<faceted-project>
  <fixed facet="jst.ear"/>
  <installed facet="jst.ear" version="1.4"/>
</faceted-project>