<?xml version="1.0" encoding="UTF-8"?>
<application xsi:schemaLocation="http://java.sun.com/xml/ns/j2ee http://java.sun.com/xml/ns/j2ee/application_1_4.xsd" xmlns="http://java.sun.com/xml/ns/j2ee" xmlns:xsi="http://www.w3.org/2001/XMLSchema-instance" id="Application_ID" version="1.4">
  <description/>
  <display-name>project-rad-5_1</display-name>
  <module id="WebModule_00000000">
    <web>
      <web-uri>project-rad-5_2.war</web-uri>
      <context-root>project-rad-5_2</context-root>
    </web>
  </module>
  <module id="EjbModule_00000000">
    <ejb>project-rad-5_3.jar</ejb>
  </module>
</application>