<faceted-project>
  <fixed facet="jst.java"/>
  <fixed facet="jst.ejb"/>
  <installed facet="jst.ejb" version="2.1"/>
  <installed facet="jst.java" version="1.4"/>
</faceted-project>