<?xml version="1.0" encoding="UTF-8"?>
<application xmlns="http://java.sun.com/xml/ns/j2ee" xmlns:xsi="http://www.w3.org/2001/XMLSchema-instance" xmlns:schemaLocation="http://java.sun.com/xml/ns/j2ee http://java.sun.com/xml/ns/j2ee/application_1_4.xsd" id="Application_ID" version="1.4">
  <description/>
  <display-name>ear-1.0-SNAPSHOT</display-name>
  <module id="EjbModule_00000000">
    <ejb>ejbs-1.0-SNAPSHOT.jar</ejb>
  </module>
  <module id="WebModule_00000000">
    <web>
      <web-uri>servlet-1.0-SNAPSHOT.war</web-uri>
      <context-root>servlet</context-root>
    </web>
  </module>
</application>